2026-09-22 19:18:17.850 [info] Reading sessions from keychain...
2026-09-22 19:18:17.850 [info] Getting sessions for all scopes...
2026-09-22 19:18:17.888 [info] Got 0 sessions for all scopes...
2026-09-22 19:18:17.888 [info] Getting sessions for all scopes...
2026-09-22 19:18:17.888 [info] Got 0 sessions for all scopes...
2026-09-22 19:18:17.888 [info] Getting sessions for all scopes...
2026-09-22 19:18:17.888 [info] Got 0 sessions for all scopes...
2026-09-22 19:18:17.889 [info] Getting sessions for all scopes...
2026-09-22 19:18:17.889 [info] Got 0 sessions for all scopes...
2026-09-22 19:18:17.896 [info] Getting sessions for all scopes...
2026-09-22 19:18:17.896 [info] Got 0 sessions for all scopes...
2026-09-22 19:18:18.264 [info] Getting sessions for all scopes...
2026-09-22 19:18:18.264 [info] Got 0 sessions for all scopes...
2026-09-22 19:18:18.356 [info] Getting sessions for read:user,user:email...
2026-09-22 19:18:18.356 [info] Got 0 sessions for read:user,user:email...
2026-09-22 19:18:18.445 [info] Getting sessions for all scopes...
2026-09-22 19:18:18.445 [info] Got 0 sessions for all scopes...
2026-09-22 19:18:18.502 [info] Getting sessions for repo...
2026-09-22 19:18:18.502 [info] Got 0 sessions for repo...
2026-09-22 19:18:18.510 [info] Getting sessions for all scopes...
2026-09-22 19:18:18.510 [info] Got 0 sessions for all scopes...
2026-09-22 19:18:18.514 [info] Getting sessions for read:user,user:email...
2026-09-22 19:18:18.514 [info] Got 0 sessions for read:user,user:email...
2026-09-22 19:18:18.515 [info] Getting sessions for all scopes...
2026-09-22 19:18:18.515 [info] Got 0 sessions for all scopes...
2026-09-22 19:18:18.517 [info] Getting sessions for repo...
2026-09-22 19:18:18.517 [info] Got 0 sessions for repo...
2026-09-22 19:18:18.518 [info] Getting sessions for all scopes...
2026-09-22 19:18:18.518 [info] Got 0 sessions for all scopes...
2026-09-22 19:18:19.249 [info] Getting sessions for all scopes...
2026-09-22 19:18:19.249 [info] Got 0 sessions for all scopes...
