2026-09-01T19:28:36.978Z - info: [ui] [AppStore] loading 0 repositories from store
2026-09-01T19:28:37.007Z - info: [ui] [Welcome] no sign in step found. ignoring...
2026-09-01T19:28:37.115Z - info: [ui] [Welcome] no sign in step found. ignoring...
2026-09-01T19:28:37.116Z - info: [ui] launching: 3.4.13-linux1 (Linux 7.2.2-arch1-1)
2026-09-01T19:28:37.117Z - info: [ui] execPath: '/opt/github-desktop/github-desktop'
2026-09-01T19:28:37.146Z - info: [ui] [Welcome] no sign in step found. ignoring...
2026-09-01T19:28:37.151Z - info: [ui] [Welcome] no sign in step found. ignoring...
2026-09-01T19:28:37.163Z - info: [ui] [Welcome] no sign in step found. ignoring...
2026-09-01T19:28:37.841Z - info: [ui] Opt in reported.
2026-09-01T19:28:39.533Z - info: [ui] [Welcome] no sign in step found. ignoring...
2026-09-01T19:28:40.734Z - info: [ui] [Welcome] no sign in step found. ignoring...
2026-09-01T19:28:42.118Z - info: [ui] [Welcome] advancing to step: SignInToDotComWithBrowser
2026-09-01T19:28:42.120Z - info: [ui] [SignInStore] initializing OAuth flow
2026-09-01T19:28:42.127Z - info: [main] opening in browser: https://github.com/login/oauth/authorize?client_id=3a723b10ac5575cc5bb9&scope=repo%20user%20workflow&state=a6a6e7d6-50cc-4d04-96ab-cf12809c47ca
2026-09-01T19:28:42.128Z - info: [ui] [Welcome] current sign in state not found. ignoring...
2026-09-01T19:28:44.692Z - info: [ui] [Welcome] kind Authentication is the same as Authentication. ignoring...
2026-09-01T19:29:47.410Z - info: [main] Received possible protocol arguments: 3
2026-09-01T19:29:47.410Z - info: [main] Processing protocol url
2026-09-01T19:29:47.423Z - info: [ui] [Welcome] kind Authentication is the same as Authentication. ignoring...
2026-09-01T19:29:47.591Z - info: [main] Received possible protocol arguments: 2
2026-09-01T19:29:47.597Z - info: [main] Processing protocol url
2026-09-01T19:29:48.813Z - info: [ui] [SignInStore] account resolved
2026-09-01T19:29:48.815Z - info: [ui] [AppStore] adding account sunil2982 (SUNIL WAGHELA) to store
2026-09-01T19:29:48.827Z - info: [ui] [Welcome] advancing to step: ConfigureGit
2026-09-01T19:29:48.889Z - info: [ui] [Welcome] no sign in step found. ignoring...
2026-09-01T19:31:19.441Z - info: [ui] [Welcome] no sign in step found. ignoring...
2026-09-01T19:31:19.948Z - info: [ui] [Welcome] no sign in step found. ignoring...
2026-09-01T19:31:20.196Z - info: [ui] Subscribed 'sunil2982' to Alive channel
2026-09-01T19:31:21.163Z - info: [ui] [Welcome] no sign in step found. ignoring...
